outputhat23=16
treein = 0
compacttree = 0
stacksize: 8176 kb
rescale = 1
All-to-all alignment.
    0 / 6 (by thread   0) 
tbfast-pair (aa) Version 7.526
alg=L, model=BLOSUM62, 2.00, -0.10, +0.10, noshift, amax=0.0
1 thread(s)

outputhat23=16
Loading 'hat3.seed' ... 
done.
Writing hat3 for iterative refinement
rescale = 1
Gap Penalty = -1.53, +0.00, +0.00
tbutree = 1, compacttree = 0
Constructing a UPGMA tree ... 

    0 / 6
done.

Progressive alignment ... 

STEP     1 /5 (thread    0) 
STEP     2 /5 (thread    0) 
STEP     3 /5 (thread    0) 
STEP     4 /5 (thread    0) 
STEP     5 /5 (thread    0) 
done.
tbfast (aa) Version 7.526
alg=A, model=BLOSUM62, 1.53, -0.00, -0.00, noshift, amax=0.0
1 thread(s)

minimumweight = 0.000010
autosubalignment = 0.000000
nthread = 1
randomseed = 0
blosum 62 / kimura 200
poffset = 0
niter = 16
sueff_global = 0.100000
nadd = 16
Loading 'hat3' ... done.
rescale = 1


    0 / 6
Segment   1/  1    1- 377
001-0000-0 (thread    1) identical     
001-0000-0 (thread    1) better     

001-0001-1 (thread    1) identical     
001-0001-1 (thread    1) better     

001-0002-0 (thread    1) identical     

001-0003-1 (thread    1) identical     
001-0003-1 (thread    1) worse      

001-0004-0 (thread    1) identical     
001-0004-0 (thread    1) better     

001-0005-1 (thread    1) identical     

001-0006-0 (thread    1) identical     
001-0006-0 (thread    1) worse      

001-0007-1 (thread    1) identical     
001-0007-1 (thread    1) better     

001-0008-1 (thread    1) identical     
001-0008-1 (thread    1) better     

002-0000-0 (thread    1) identical     

002-0001-1 (thread    1) identical     

002-0002-0 (thread    1) identical     

002-0003-1 (thread    1) identical     
002-0003-1 (thread    1) better     

002-0004-0 (thread    1) identical     

002-0005-1 (thread    1) identical     

002-0006-0 (thread    1) identical     
002-0006-0 (thread    1) worse      

002-0007-1 (thread    1) identical     

002-0008-1 (thread    1) identical     

003-0000-0 (thread    1) identical     

003-0001-1 (thread    1) identical     

003-0002-0 (thread    1) identical     
003-0002-0 (thread    1) worse      

003-0003-1 (thread    1) identical     

003-0004-0 (thread    1) identical     

003-0005-1 (thread    1) identical     

003-0006-0 (thread    1) identical     
003-0006-0 (thread    1) worse      

003-0007-1 (thread    1) identical     

003-0008-1 (thread    1) identical     

Converged.
done
dvtditr (aa) Version 7.526
alg=A, model=BLOSUM62, 1.53, -0.00, -0.00, noshift, amax=0.0
1 thread(s)


Strategy:
 L-INS-i (Probably most accurate, very slow)
 Iterative refinement method (<16) with LOCAL pairwise alignment information

If unsure which option to use, try 'mafft --auto input > output'.
For more information, see 'mafft --help', 'mafft --man' and the mafft page.

The default gap scoring scheme has been changed in version 7.110 (2013 Oct).
It tends to insert more gaps into gap-rich regions than previous versions.
To disable this change, add the --leavegappyregion option.